// Vitest Snapshot v1, https://vitest.dev/guide/snapshot.html

exports[`renderOfferSectionsHtml > matches snapshot of happy-path HTML 1`] = `"<p contenteditable="false"><strong>RÉSUMÉ DU POSTE</strong></p><p>Officine dynamique à Lyon.</p><p contenteditable="false"><strong>MISSIONS DU POSTE</strong></p><ul><li>Accueillir les patients</li><li>Gérer le stock</li></ul><p contenteditable="false"><strong>PROFIL RECHERCHÉ</strong></p><ul><li>BP préparateur</li><li>Esprit d’équipe</li></ul><p contenteditable="false"><strong>INFORMATIONS COMPLÉMENTAIRES</strong></p><ul><li>CDI temps plein</li><li>Rémunération selon profil</li></ul>"`;
